00:00 +0: loading /Users/raulmartinez/Documents/Proyectos/Antigravity/FitControl/fitcontrol/test/nutrition_verification_test.dart                                                                      00:01 +0: loading /Users/raulmartinez/Documents/Proyectos/Antigravity/FitControl/fitcontrol/test/nutrition_verification_test.dart                                                                      00:02 +0: loading /Users/raulmartinez/Documents/Proyectos/Antigravity/FitControl/fitcontrol/test/nutrition_verification_test.dart                                                                      00:02 +0: NutritionScreen allows adding and deleting a meal                                                                                                                                            00:03 +0: NutritionScreen allows adding and deleting a meal                                                                                                                                            00:04 +0: NutritionScreen allows adding and deleting a meal                                                                                                                                            00:05 +0: NutritionScreen allows adding and deleting a meal                                                                                                                                            00:05 +0: NutritionScreen allows adding and deleting a meal                                                                                                                                            
══╡ EXCEPTION CAUGHT BY RENDERING LIBRARY ╞═════════════════════════════════════════════════════════
The following assertion was thrown during layout:
A RenderFlex overflowed by 53 pixels on the right.

The relevant error-causing widget was:
  Row
  Row:file:///Users/raulmartinez/Documents/Proyectos/Antigravity/FitControl/fitcontrol/lib/View/nutrition_screen.dart:180:9

The overflowing RenderFlex has an orientation of Axis.horizontal.
The edge of the RenderFlex that is overflowing has been marked in the rendering with a yellow and
black striped pattern. This is usually caused by the contents being too big for the RenderFlex.
Consider applying a flex factor (e.g. using an Expanded widget) to force the children of the
RenderFlex to fit within the available space instead of being sized to their natural size.
This is considered an error condition because it indicates that there is content that cannot be
seen. If the content is legitimately bigger than the available space, consider clipping it with a
ClipRect widget before putting it in the flex, or using a scrollable container rather than a Flex,
like a ListView.
The specific RenderFlex in question is: RenderFlex#dd6c4 relayoutBoundary=up22 OVERFLOWING:
  creator: Row ← Column ← Column ← Padding ← Semantics ← DefaultTextStyle ← AnimatedDefaultTextStyle ←
    _InkFeatures-[GlobalKey#05125 ink renderer] ← NotificationListener<LayoutChangedNotification> ←
    CustomPaint ← _ShapeBorderPaint ← PhysicalShape ← ⋯
  parentData: offset=Offset(0.0, 0.0); flex=null; fit=null (can use size)
  constraints: BoxConstraints(0.0<=w<=332.0, 0.0<=h<=Infinity)
  size: Size(332.0, 20.0)
  direction: horizontal
  mainAxisAlignment: spaceBetween
  mainAxisSize: max
  crossAxisAlignment: center
  textDirection: ltr
  verticalDirection: down
  spacing: 0.0
◢◤◢◤◢◤◢◤◢◤◢◤◢◤◢◤◢◤◢◤◢◤◢◤◢◤◢◤◢◤◢◤◢◤◢◤◢◤◢◤◢◤◢◤◢◤◢◤◢◤◢◤◢◤◢◤◢◤◢◤◢◤◢◤◢◤◢◤◢◤◢◤◢◤◢◤◢◤◢◤◢◤◢◤◢◤◢◤◢◤◢◤◢◤◢◤◢◤◢◤
════════════════════════════════════════════════════════════════════════════════════════════════════
══╡ EXCEPTION CAUGHT BY RENDERING LIBRARY ╞═════════════════════════════════════════════════════════
The following assertion was thrown during layout:
A RenderFlex overflowed by 24 pixels on the right.

The relevant error-causing widget was:
  Row
  Row:file:///Users/raulmartinez/Documents/Proyectos/Antigravity/FitControl/fitcontrol/lib/View/nutrition_screen.dart:180:9

The overflowing RenderFlex has an orientation of Axis.horizontal.
The edge of the RenderFlex that is overflowing has been marked in the rendering with a yellow and
black striped pattern. This is usually caused by the contents being too big for the RenderFlex.
Consider applying a flex factor (e.g. using an Expanded widget) to force the children of the
RenderFlex to fit within the available space instead of being sized to their natural size.
This is considered an error condition because it indicates that there is content that cannot be
seen. If the content is legitimately bigger than the available space, consider clipping it with a
ClipRect widget before putting it in the flex, or using a scrollable container rather than a Flex,
like a ListView.
The specific RenderFlex in question is: RenderFlex#3f8cf relayoutBoundary=up22 OVERFLOWING:
  creator: Row ← Column ← Column ← Padding ← Semantics ← DefaultTextStyle ← AnimatedDefaultTextStyle ←
    _InkFeatures-[GlobalKey#05125 ink renderer] ← NotificationListener<LayoutChangedNotification> ←
    CustomPaint ← _ShapeBorderPaint ← PhysicalShape ← ⋯
  parentData: offset=Offset(0.0, 0.0); flex=null; fit=null (can use size)
  constraints: BoxConstraints(0.0<=w<=332.0, 0.0<=h<=Infinity)
  size: Size(332.0, 20.0)
  direction: horizontal
  mainAxisAlignment: spaceBetween
  mainAxisSize: max
  crossAxisAlignment: center
  textDirection: ltr
  verticalDirection: down
  spacing: 0.0
◢◤◢◤◢◤◢◤◢◤◢◤◢◤◢◤◢◤◢◤◢◤◢◤◢◤◢◤◢◤◢◤◢◤◢◤◢◤◢◤◢◤◢◤◢◤◢◤◢◤◢◤◢◤◢◤◢◤◢◤◢◤◢◤◢◤◢◤◢◤◢◤◢◤◢◤◢◤◢◤◢◤◢◤◢◤◢◤◢◤◢◤◢◤◢◤◢◤◢◤
════════════════════════════════════════════════════════════════════════════════════════════════════
══╡ EXCEPTION CAUGHT BY RENDERING LIBRARY ╞═════════════════════════════════════════════════════════
The following assertion was thrown during layout:
A RenderFlex overflowed by 145 pixels on the right.

The relevant error-causing widget was:
  Row
  Row:file:///Users/raulmartinez/Documents/Proyectos/Antigravity/FitControl/fitcontrol/lib/View/nutrition_screen.dart:206:13

The overflowing RenderFlex has an orientation of Axis.horizontal.
The edge of the RenderFlex that is overflowing has been marked in the rendering with a yellow and
black striped pattern. This is usually caused by the contents being too big for the RenderFlex.
Consider applying a flex factor (e.g. using an Expanded widget) to force the children of the
RenderFlex to fit within the available space instead of being sized to their natural size.
This is considered an error condition because it indicates that there is content that cannot be
seen. If the content is legitimately bigger than the available space, consider clipping it with a
ClipRect widget before putting it in the flex, or using a scrollable container rather than a Flex,
like a ListView.
The specific RenderFlex in question is: RenderFlex#05ff3 relayoutBoundary=up21 OVERFLOWING:
  creator: Row ← Column ← Padding ← Semantics ← DefaultTextStyle ← AnimatedDefaultTextStyle ←
    _InkFeatures-[GlobalKey#e19d1 ink renderer] ← NotificationListener<LayoutChangedNotification> ←
    CustomPaint ← _ShapeBorderPaint ← PhysicalShape ← _MaterialInterior ← ⋯
  parentData: offset=Offset(0.0, 0.0); flex=null; fit=null (can use size)
  constraints: BoxConstraints(0.0<=w<=332.0, 0.0<=h<=Infinity)
  size: Size(332.0, 48.0)
  direction: horizontal
  mainAxisAlignment: spaceBetween
  mainAxisSize: max
  crossAxisAlignment: center
  textDirection: ltr
  verticalDirection: down
  spacing: 0.0
◢◤◢◤◢◤◢◤◢◤◢◤◢◤◢◤◢◤◢◤◢◤◢◤◢◤◢◤◢◤◢◤◢◤◢◤◢◤◢◤◢◤◢◤◢◤◢◤◢◤◢◤◢◤◢◤◢◤◢◤◢◤◢◤◢◤◢◤◢◤◢◤◢◤◢◤◢◤◢◤◢◤◢◤◢◤◢◤◢◤◢◤◢◤◢◤◢◤◢◤
════════════════════════════════════════════════════════════════════════════════════════════════════
══╡ EXCEPTION CAUGHT BY FLUTTER TEST FRAMEWORK ╞════════════════════════════════════════════════════
The following message was thrown:
Multiple exceptions (3) were detected during the running of the current test, and at least one was
unexpected.
════════════════════════════════════════════════════════════════════════════════════════════════════
00:05 +0 -1: NutritionScreen allows adding and deleting a meal [E]                                                                                                                                     
  Test failed. See exception logs above.
  The test description was: NutritionScreen allows adding and deleting a meal
  

To run this test again: /usr/local/share/flutter/bin/cache/dart-sdk/bin/dart test /Users/raulmartinez/Documents/Proyectos/Antigravity/FitControl/fitcontrol/test/nutrition_verification_test.dart -p vm --plain-name 'NutritionScreen allows adding and deleting a meal'
00:05 +0 -1: Some tests failed.                                                                                                                                                                        
